// Jest Snapshot v1, https://goo.gl/fbAQLP

exports[`API test cases Get all work fields 1`] = `
Object {
  "data": Object {
    "work": Object {
      "creators": Array [
        Object {
          "name": "karl ove knausgård",
          "type": "aut",
        },
      ],
      "description": "Selvbiografisk roman",
      "fullTitle": "Min kamp : roman. 1. bog",
      "manifestations": Array [
        Object {
          "content": null,
          "creators": Array [
            Object {
              "functionCode": "aut",
              "functionSingular": "forfatter",
              "name": "Kim Fupz Ꜳkeson",
            },
            Object {
              "functionCode": "dkind",
              "functionSingular": "indlæser",
              "name": "Peter Frödin",
            },
          ],
          "datePublished": "2012",
          "dk5": Array [
            Object {
              "searchCode": "dkcclphrase.ldk",
              "searchString": "86-096",
              "value": "86-096",
            },
            Object {
              "searchCode": "dkcclphrase.ldk",
              "searchString": "sk",
              "value": "sk",
            },
          ],
          "edition": "1. udgave",
          "isbn": "9788711407134",
          "language": Array [
            "Dansk",
          ],
          "materialType": "Bog",
          "notes": Array [],
          "originalTitle": "",
          "originals": Array [
            "Gengivelse af bogen",
            "Indlæst efter 2. udgave med cd. 2006. ISBN: 9788762602786",
            "Bogens originaludgave: 1988",
          ],
          "physicalDescription": "1 cd i 1 mappe (67 min.)",
          "publisher": "Kbh., Carlsen",
          "shelf": "skønlitteratur",
        },
        Object {
          "content": null,
          "creators": Array [
            Object {
              "functionCode": "aut",
              "functionSingular": "forfatter",
              "name": "Kim Fupz Ꜳkeson",
            },
            Object {
              "functionCode": "dkind",
              "functionSingular": "indlæser",
              "name": "Peter Frödin",
            },
          ],
          "datePublished": "2012",
          "dk5": Array [
            Object {
              "searchCode": "dkcclphrase.ldk",
              "searchString": "86-096",
              "value": "86-096",
            },
            Object {
              "searchCode": "dkcclphrase.ldk",
              "searchString": "sk",
              "value": "sk",
            },
          ],
          "edition": "1. udgave",
          "isbn": "9788711407134",
          "language": Array [
            "Dansk",
          ],
          "materialType": "Bog",
          "notes": Array [],
          "originalTitle": "",
          "originals": Array [
            "Gengivelse af bogen",
            "Indlæst efter 2. udgave med cd. 2006. ISBN: 9788762602786",
            "Bogens originaludgave: 1988",
          ],
          "physicalDescription": "1 cd i 1 mappe (67 min.)",
          "publisher": "Kbh., Carlsen",
          "shelf": "skønlitteratur",
        },
        Object {
          "content": Array [
            "Dansktop",
            "Evergreens",
            "Pop/rock-hits fra 50'rne og 60'rne",
            "Pop/rock hits 70'rne og nyere",
            "Børnesange",
            "Melodi Grand Prix",
            "Billedrunden",
          ],
          "creators": Array [
            Object {
              "functionCode": "aut",
              "functionSingular": "forfatter",
              "name": "Kim Fupz Ꜳkeson",
            },
            Object {
              "functionCode": "dkind",
              "functionSingular": "indlæser",
              "name": "Peter Frödin",
            },
          ],
          "datePublished": "2012",
          "dk5": Array [
            Object {
              "searchCode": "dkcclphrase.ldk",
              "searchString": "86-096",
              "value": "86-096",
            },
            Object {
              "searchCode": "dkcclphrase.ldk",
              "searchString": "sk",
              "value": "sk",
            },
          ],
          "edition": "1. udgave",
          "isbn": "9788711407134",
          "language": Array [
            "Dansk",
          ],
          "materialType": "Bog",
          "notes": Array [],
          "originalTitle": "",
          "originals": Array [
            "Gengivelse af bogen",
            "Indlæst efter 2. udgave med cd. 2006. ISBN: 9788762602786",
            "Bogens originaludgave: 1988",
          ],
          "physicalDescription": "1 cd i 1 mappe (67 min.)",
          "publisher": "Kbh., Carlsen",
          "shelf": "skønlitteratur",
        },
        Object {
          "content": null,
          "creators": Array [
            Object {
              "functionCode": "aut",
              "functionSingular": "forfatter",
              "name": "Kim Fupz Ꜳkeson",
            },
            Object {
              "functionCode": "dkind",
              "functionSingular": "indlæser",
              "name": "Peter Frödin",
            },
          ],
          "datePublished": "2012",
          "dk5": Array [
            Object {
              "searchCode": "dkcclphrase.ldk",
              "searchString": "86-096",
              "value": "86-096",
            },
            Object {
              "searchCode": "dkcclphrase.ldk",
              "searchString": "sk",
              "value": "sk",
            },
          ],
          "edition": "1. udgave",
          "isbn": "9788711407134",
          "language": Array [
            "Dansk",
          ],
          "materialType": "Ebog",
          "notes": Array [],
          "originalTitle": "",
          "originals": Array [
            "Gengivelse af bogen",
            "Indlæst efter 2. udgave med cd. 2006. ISBN: 9788762602786",
            "Bogens originaludgave: 1988",
          ],
          "physicalDescription": "1 cd i 1 mappe (67 min.)",
          "publisher": "Kbh., Carlsen",
          "shelf": "skønlitteratur",
        },
      ],
      "materialTypes": Array [
        Object {
          "content": Array [
            "Dansktop",
            "Evergreens",
            "Pop/rock-hits fra 50'rne og 60'rne",
            "Pop/rock hits 70'rne og nyere",
            "Børnesange",
            "Melodi Grand Prix",
            "Billedrunden",
          ],
          "creators": Array [
            Object {
              "functionCode": "aut",
              "functionSingular": "forfatter",
              "name": "Kim Fupz Ꜳkeson",
            },
            Object {
              "functionCode": "dkind",
              "functionSingular": "indlæser",
              "name": "Peter Frödin",
            },
          ],
          "datePublished": "2012",
          "dk5": Array [
            Object {
              "searchCode": "dkcclphrase.ldk",
              "searchString": "86-096",
              "value": "86-096",
            },
            Object {
              "searchCode": "dkcclphrase.ldk",
              "searchString": "sk",
              "value": "sk",
            },
          ],
          "edition": "1. udgave",
          "isbn": "9788711407134",
          "language": Array [
            "Dansk",
          ],
          "materialType": "Bog",
          "notes": Array [],
          "originalTitle": "",
          "originals": Array [
            "Gengivelse af bogen",
            "Indlæst efter 2. udgave med cd. 2006. ISBN: 9788762602786",
            "Bogens originaludgave: 1988",
          ],
          "physicalDescription": "1 cd i 1 mappe (67 min.)",
          "publisher": "Kbh., Carlsen",
          "shelf": "skønlitteratur",
        },
        Object {
          "content": null,
          "creators": Array [
            Object {
              "functionCode": "aut",
              "functionSingular": "forfatter",
              "name": "Kim Fupz Ꜳkeson",
            },
            Object {
              "functionCode": "dkind",
              "functionSingular": "indlæser",
              "name": "Peter Frödin",
            },
          ],
          "datePublished": "2012",
          "dk5": Array [
            Object {
              "searchCode": "dkcclphrase.ldk",
              "searchString": "86-096",
              "value": "86-096",
            },
            Object {
              "searchCode": "dkcclphrase.ldk",
              "searchString": "sk",
              "value": "sk",
            },
          ],
          "edition": "1. udgave",
          "isbn": "9788711407134",
          "language": Array [
            "Dansk",
          ],
          "materialType": "Ebog",
          "notes": Array [],
          "originalTitle": "",
          "originals": Array [
            "Gengivelse af bogen",
            "Indlæst efter 2. udgave med cd. 2006. ISBN: 9788762602786",
            "Bogens originaludgave: 1988",
          ],
          "physicalDescription": "1 cd i 1 mappe (67 min.)",
          "publisher": "Kbh., Carlsen",
          "shelf": "skønlitteratur",
        },
      ],
      "path": Array [
        "Bøger",
        "Fiktion",
        "skønlitteratur",
        "roman",
      ],
      "seo": Object {
        "description": "Lån min kamp som bog eller ebog. Bestil, reserver, lån fra alle danmarks biblioteker. Afhent på dit lokale bibliotek eller find online.",
        "title": "min kamp af karl ove knausgård",
      },
      "subjects": Array [
        Object {
          "type": "dcterms:LCSH",
          "value": "krimi",
        },
        Object {
          "type": "genre",
          "value": "krimi",
        },
        Object {
          "type": null,
          "value": "småbørnsbog",
        },
      ],
      "title": "min kamp",
    },
  },
}
`;
