// Jest Snapshot v1, https://goo.gl/fbAQLP

exports[`API test cases Get all work fields that do not require nested requests 1`] = `
Object {
  "data": Object {
    "work": Object {
      "creators": Array [
        Object {
          "name": "karl ove knausgård",
          "type": "aut",
        },
      ],
      "description": "Selvbiografisk roman",
      "fullTitle": "Min kamp : roman. 1. bog",
      "manifestations": Array [
        Object {
          "materialType": "Bog",
          "pid": "800010-katalog:99121962154805763__1",
        },
        Object {
          "materialType": "Bog",
          "pid": "300101-katalog:28486006",
        },
        Object {
          "materialType": "Bog",
          "pid": "870970-basis:29433909",
        },
        Object {
          "materialType": "Ebog",
          "pid": "300101-katalog:28486006",
        },
      ],
      "materialTypes": Array [
        Object {
          "materialType": "Bog",
          "pid": "870970-basis:29433909",
        },
        Object {
          "materialType": "Ebog",
          "pid": "300101-katalog:28486006",
        },
      ],
      "path": Array [
        "Bøger",
        "Fiktion",
        "skønlitteratur",
        "roman",
      ],
      "subjects": Array [
        Object {
          "type": "dcterms:LCSH",
          "value": "krimi",
        },
        Object {
          "type": "genre",
          "value": "krimi",
        },
        Object {
          "type": null,
          "value": "småbørnsbog",
        },
      ],
      "title": "min kamp",
    },
  },
}
`;
