// Jest Snapshot v1, https://jestjs.io/docs/snapshot-testing

exports[`Get 3 results from did you mean service 1`] = `
{
  "data": {
    "search": {
      "didYouMean": [
        {
          "query": "Anders Matthesen",
          "score": 1.0312077993008424,
        },
        {
          "query": "Anders Mathiesen",
          "score": 0.9398803754066467,
        },
        {
          "query": "Anders Mathiasen",
          "score": 0.9387356948225403,
        },
      ],
    },
  },
}
`;
