// Jest Snapshot v1, https://jestjs.io/docs/snapshot-testing

exports[`Get 2 url check responses 1`] = `
{
  "data": {
    "linkCheck": {
      "checks": [
        {
          "brokenSince": 2023-03-22T06:47:20.000Z,
          "lastCheckedAt": 2023-03-27T06:49:50.000Z,
          "status": "GONE",
          "url": "http://example.com/foo",
        },
        {
          "brokenSince": null,
          "lastCheckedAt": 2023-03-31T08:19:30.000Z,
          "status": "OK",
          "url": "http://example.com",
        },
      ],
    },
  },
}
`;
