// Jest Snapshot v1, https://goo.gl/fbAQLP

exports[`localizations - get for a number of pids 1`] = `
Object {
  "data": Object {
    "work": Object {
      "materialTypes": Array [
        Object {
          "localizations": null,
        },
        Object {
          "localizations": null,
        },
        Object {
          "localizations": null,
        },
        Object {
          "localizations": null,
        },
        Object {
          "localizations": null,
        },
        Object {
          "localizations": null,
        },
      ],
    },
  },
  "errors": Array [
    [GraphQLError: Cannot read property 'admindata' of undefined],
    [GraphQLError: Cannot read property 'admindata' of undefined],
    [GraphQLError: Cannot read property 'admindata' of undefined],
    [GraphQLError: Cannot read property 'admindata' of undefined],
    [GraphQLError: Cannot read property 'admindata' of undefined],
    [GraphQLError: Cannot read property 'admindata' of undefined],
  ],
}
`;
