// Jest Snapshot v1, https://jestjs.io/docs/snapshot-testing

exports[`localizations - get for a number of pids 1`] = `
{
  "data": {
    "localizations": {
      "agencies": [
        {
          "agencyId": "716500",
          "holdingItems": [
            {
              "localIdentifier": "29433909",
              "localizationPid": "870970-basis:29433909",
            },
          ],
        },
        {
          "agencyId": "720100",
          "holdingItems": [
            {
              "localIdentifier": "29433909",
              "localizationPid": "870970-basis:29433909",
            },
          ],
        },
        {
          "agencyId": "715100",
          "holdingItems": [
            {
              "localIdentifier": "29433909",
              "localizationPid": "870970-basis:29433909",
            },
          ],
        },
        {
          "agencyId": "781300",
          "holdingItems": [
            {
              "localIdentifier": "29433909",
              "localizationPid": "870970-basis:29433909",
            },
          ],
        },
        {
          "agencyId": "714700",
          "holdingItems": [
            {
              "localIdentifier": "29433909",
              "localizationPid": "870970-basis:29433909",
            },
          ],
        },
        {
          "agencyId": "754000",
          "holdingItems": [
            {
              "localIdentifier": "29433909",
              "localizationPid": "870970-basis:29433909",
            },
          ],
        },
        {
          "agencyId": "781000",
          "holdingItems": [
            {
              "localIdentifier": "29433909",
              "localizationPid": "870970-basis:29433909",
            },
          ],
        },
        {
          "agencyId": "911116",
          "holdingItems": [
            {
              "localIdentifier": "29433909",
              "localizationPid": "870970-basis:29433909",
            },
          ],
        },
        {
          "agencyId": "700400",
          "holdingItems": [
            {
              "localIdentifier": "29433909",
              "localizationPid": "870970-basis:29433909",
            },
          ],
        },
        {
          "agencyId": "800010",
          "holdingItems": [
            {
              "localIdentifier": "99122450879205763__1",
              "localizationPid": "800010-katalog:99122450879205763__1",
            },
            {
              "localIdentifier": "99122160750405763__1",
              "localizationPid": "800010-katalog:99122160750405763__1",
            },
            {
              "localIdentifier": "99122450879205763__1",
              "localizationPid": "800010-katalog:99122450879205763__1",
            },
          ],
        },
        {
          "agencyId": "715500",
          "holdingItems": [
            {
              "localIdentifier": "29433909",
              "localizationPid": "870970-basis:29433909",
            },
          ],
        },
        {
          "agencyId": "724000",
          "holdingItems": [
            {
              "localIdentifier": "29433909",
              "localizationPid": "870970-basis:29433909",
            },
          ],
        },
        {
          "agencyId": "732000",
          "holdingItems": [
            {
              "localIdentifier": "29433909",
              "localizationPid": "870970-basis:29433909",
            },
          ],
        },
        {
          "agencyId": "852470",
          "holdingItems": [
            {
              "localIdentifier": "93142861",
              "localizationPid": "852470-katalog:93142861",
            },
          ],
        },
        {
          "agencyId": "721000",
          "holdingItems": [
            {
              "localIdentifier": "29433909",
              "localizationPid": "870970-basis:29433909",
            },
          ],
        },
        {
          "agencyId": "760700",
          "holdingItems": [
            {
              "localIdentifier": "29433909",
              "localizationPid": "870970-basis:29433909",
            },
          ],
        },
        {
          "agencyId": "725000",
          "holdingItems": [
            {
              "localIdentifier": "29433909",
              "localizationPid": "870970-basis:29433909",
            },
          ],
        },
        {
          "agencyId": "719000",
          "holdingItems": [
            {
              "localIdentifier": "29433909",
              "localizationPid": "870970-basis:29433909",
            },
          ],
        },
        {
          "agencyId": "715700",
          "holdingItems": [
            {
              "localIdentifier": "29433909",
              "localizationPid": "870970-basis:29433909",
            },
          ],
        },
        {
          "agencyId": "715900",
          "holdingItems": [
            {
              "localIdentifier": "29433909",
              "localizationPid": "870970-basis:29433909",
            },
          ],
        },
        {
          "agencyId": "725300",
          "holdingItems": [
            {
              "localIdentifier": "29433909",
              "localizationPid": "870970-basis:29433909",
            },
          ],
        },
        {
          "agencyId": "727000",
          "holdingItems": [
            {
              "localIdentifier": "29433909",
              "localizationPid": "870970-basis:29433909",
            },
          ],
        },
        {
          "agencyId": "751000",
          "holdingItems": [
            {
              "localIdentifier": "29433909",
              "localizationPid": "870970-basis:29433909",
            },
          ],
        },
        {
          "agencyId": "726000",
          "holdingItems": [
            {
              "localIdentifier": "29433909",
              "localizationPid": "870970-basis:29433909",
            },
          ],
        },
        {
          "agencyId": "776600",
          "holdingItems": [
            {
              "localIdentifier": "29433909",
              "localizationPid": "870970-basis:29433909",
            },
          ],
        },
        {
          "agencyId": "721700",
          "holdingItems": [
            {
              "localIdentifier": "29433909",
              "localizationPid": "870970-basis:29433909",
            },
          ],
        },
        {
          "agencyId": "716300",
          "holdingItems": [
            {
              "localIdentifier": "29433909",
              "localizationPid": "870970-basis:29433909",
            },
          ],
        },
        {
          "agencyId": "766100",
          "holdingItems": [
            {
              "localIdentifier": "29433909",
              "localizationPid": "870970-basis:29433909",
            },
          ],
        },
        {
          "agencyId": "716700",
          "holdingItems": [
            {
              "localIdentifier": "29433909",
              "localizationPid": "870970-basis:29433909",
            },
          ],
        },
        {
          "agencyId": "716900",
          "holdingItems": [
            {
              "localIdentifier": "29433909",
              "localizationPid": "870970-basis:29433909",
            },
          ],
        },
        {
          "agencyId": "775600",
          "holdingItems": [
            {
              "localIdentifier": "29433909",
              "localizationPid": "870970-basis:29433909",
            },
          ],
        },
        {
          "agencyId": "732600",
          "holdingItems": [
            {
              "localIdentifier": "29433909",
              "localizationPid": "870970-basis:29433909",
            },
          ],
        },
        {
          "agencyId": "762100",
          "holdingItems": [
            {
              "localIdentifier": "29433909",
              "localizationPid": "870970-basis:29433909",
            },
          ],
        },
        {
          "agencyId": "718300",
          "holdingItems": [
            {
              "localIdentifier": "29433909",
              "localizationPid": "870970-basis:29433909",
            },
          ],
        },
        {
          "agencyId": "710100",
          "holdingItems": [
            {
              "localIdentifier": "29433909",
              "localizationPid": "870970-basis:29433909",
            },
          ],
        },
        {
          "agencyId": "717300",
          "holdingItems": [
            {
              "localIdentifier": "29433909",
              "localizationPid": "870970-basis:29433909",
            },
          ],
        },
        {
          "agencyId": "784600",
          "holdingItems": [
            {
              "localIdentifier": "29433909",
              "localizationPid": "870970-basis:29433909",
            },
          ],
        },
        {
          "agencyId": "741000",
          "holdingItems": [
            {
              "localIdentifier": "29433909",
              "localizationPid": "870970-basis:29433909",
            },
          ],
        },
        {
          "agencyId": "876040",
          "holdingItems": [
            {
              "localIdentifier": "29433909",
              "localizationPid": "870970-basis:29433909",
            },
          ],
        },
        {
          "agencyId": "745000",
          "holdingItems": [
            {
              "localIdentifier": "29433909",
              "localizationPid": "870970-basis:29433909",
            },
          ],
        },
        {
          "agencyId": "730600",
          "holdingItems": [
            {
              "localIdentifier": "29433909",
              "localizationPid": "870970-basis:29433909",
            },
          ],
        },
        {
          "agencyId": "773000",
          "holdingItems": [
            {
              "localIdentifier": "29433909",
              "localizationPid": "870970-basis:29433909",
            },
          ],
        },
        {
          "agencyId": "784000",
          "holdingItems": [
            {
              "localIdentifier": "29433909",
              "localizationPid": "870970-basis:29433909",
            },
          ],
        },
        {
          "agencyId": "732900",
          "holdingItems": [
            {
              "localIdentifier": "29433909",
              "localizationPid": "870970-basis:29433909",
            },
          ],
        },
        {
          "agencyId": "723000",
          "holdingItems": [
            {
              "localIdentifier": "29433909",
              "localizationPid": "870970-basis:29433909",
            },
          ],
        },
        {
          "agencyId": "774100",
          "holdingItems": [
            {
              "localIdentifier": "29433909",
              "localizationPid": "870970-basis:29433909",
            },
          ],
        },
        {
          "agencyId": "774600",
          "holdingItems": [
            {
              "localIdentifier": "29433909",
              "localizationPid": "870970-basis:29433909",
            },
          ],
        },
        {
          "agencyId": "733000",
          "holdingItems": [
            {
              "localIdentifier": "29433909",
              "localizationPid": "870970-basis:29433909",
            },
          ],
        },
        {
          "agencyId": "734000",
          "holdingItems": [
            {
              "localIdentifier": "29433909",
              "localizationPid": "870970-basis:29433909",
            },
          ],
        },
        {
          "agencyId": "763000",
          "holdingItems": [
            {
              "localIdentifier": "29433909",
              "localizationPid": "870970-basis:29433909",
            },
          ],
        },
        {
          "agencyId": "779100",
          "holdingItems": [
            {
              "localIdentifier": "29433909",
              "localizationPid": "870970-basis:29433909",
            },
          ],
        },
        {
          "agencyId": "739000",
          "holdingItems": [
            {
              "localIdentifier": "29433909",
              "localizationPid": "870970-basis:29433909",
            },
          ],
        },
        {
          "agencyId": "785100",
          "holdingItems": [
            {
              "localIdentifier": "29433909",
              "localizationPid": "870970-basis:29433909",
            },
          ],
        },
        {
          "agencyId": "775100",
          "holdingItems": [
            {
              "localIdentifier": "29433909",
              "localizationPid": "870970-basis:29433909",
            },
          ],
        },
      ],
      "count": 54,
    },
  },
}
`;
