// Jest Snapshot v1, https://goo.gl/fbAQLP

exports[`moodMatchSearch 1`] = `
Object {
  "data": Object {
    "mood": Object {
      "moodSearch": Object {
        "works": Array [
          Object {
            "titles": Object {
              "main": Array [
                "Dummy Some Title",
              ],
            },
            "workId": "work-of:870970-basis:51863437",
          },
          Object {
            "titles": Object {
              "main": Array [
                "Dummy Some Title",
              ],
            },
            "workId": "work-of:870970-basis:05681332",
          },
          Object {
            "titles": Object {
              "main": Array [
                "Dummy Some Title",
              ],
            },
            "workId": "work-of:870970-basis:06753035",
          },
          Object {
            "titles": Object {
              "main": Array [
                "Dummy Some Title",
              ],
            },
            "workId": "work-of:870970-basis:47929814",
          },
          Object {
            "titles": Object {
              "main": Array [
                "Dummy Some Title",
              ],
            },
            "workId": "work-of:870970-basis:21400009",
          },
        ],
      },
    },
  },
}
`;
