// Jest Snapshot v1, https://jestjs.io/docs/snapshot-testing

exports[`moodMatchSearch 1`] = `
{
  "data": {
    "mood": {
      "moodSearch": {
        "works": [
          {
            "titles": {
              "main": [
                "Dummy Some Title",
              ],
            },
            "workId": "work-of:870970-basis:51863437",
          },
          {
            "titles": {
              "main": [
                "Dummy Some Title",
              ],
            },
            "workId": "work-of:870970-basis:05681332",
          },
          {
            "titles": {
              "main": [
                "Dummy Some Title",
              ],
            },
            "workId": "work-of:870970-basis:06753035",
          },
          {
            "titles": {
              "main": [
                "Dummy Some Title",
              ],
            },
            "workId": "work-of:870970-basis:47929814",
          },
          {
            "titles": {
              "main": [
                "Dummy Some Title",
              ],
            },
            "workId": "work-of:870970-basis:21400009",
          },
        ],
      },
    },
  },
}
`;
