// Jest Snapshot v1, https://jestjs.io/docs/snapshot-testing

exports[`search - with all filters and facets 1`] = `
{
  "data": {
    "search": {
      "facets": [
        {
          "name": "mainLanguages",
          "values": [
            {
              "score": 2252441,
              "term": "Dansk",
            },
            {
              "score": 611581,
              "term": "Engelsk",
            },
            {
              "score": 147546,
              "term": "Tysk",
            },
            {
              "score": 84833,
              "term": "flere sprog",
            },
            {
              "score": 59599,
              "term": "Svensk",
            },
          ],
        },
        {
          "name": "materialTypesSpecific",
          "values": [
            {
              "score": 1148775,
              "term": "tidsskriftsartikel",
            },
            {
              "score": 892951,
              "term": "bog",
            },
            {
              "score": 748565,
              "term": "avisartikel",
            },
            {
              "score": 223653,
              "term": "artikel",
            },
            {
              "score": 119305,
              "term": "cd (musik)",
            },
          ],
        },
      ],
      "hitcount": 1,
      "works": [
        {
          "workId": "work-of:870970-basis:53557791",
        },
      ],
    },
  },
}
`;
