// Jest Snapshot v1, https://jestjs.io/docs/snapshot-testing

exports[`series - get series from workId 1`] = `
{
  "data": {
    "work": {
      "series": [
        {
          "members": [
            {
              "numberInSeries": "Del 1",
              "work": {
                "workId": "work-of:870970-basis:26521556",
              },
            },
            {
              "numberInSeries": "Del 2",
              "work": {
                "workId": "work-of:870970-basis:53247806",
              },
            },
            {
              "numberInSeries": "Del 3",
              "work": {
                "workId": "work-of:870970-basis:53557791",
              },
            },
            {
              "numberInSeries": "Del 4",
              "work": {
                "workId": "work-of:870970-basis:53802001",
              },
            },
            {
              "numberInSeries": "Del 5",
              "work": {
                "workId": "work-of:870970-basis:45942570",
              },
            },
            {
              "numberInSeries": "Del 6",
              "work": {
                "workId": "work-of:870970-basis:46656172",
              },
            },
            {
              "numberInSeries": "Del 7",
              "work": {
                "workId": "work-of:870970-basis:38500775",
              },
            },
            {
              "numberInSeries": "Del 8",
              "work": {
                "workId": "work-of:870970-basis:134823658",
              },
            },
          ],
          "numberInSeries": "Del 7",
          "readThisFirst": null,
          "readThisWhenever": null,
          "title": "De syv søstre-serien",
        },
      ],
    },
  },
}
`;
