// Jest Snapshot v1, https://jestjs.io/docs/snapshot-testing

exports[`Test searcher search: dots in begging and end 1`] = `
[
  {
    "body": "Lorem ipsum dolor sit amet, consectetur adipiscing elit. Nunc nec convallis turpis. Praesent porttitor fringilla purus, eu auctor urna blandit at. Vestibulum ante ipsum primis in faucibus orci luctus et ultrices posuere cubilia curae; Etiam volutpat lacus orci, eget iaculis est dapibus in. Nulla id congue nisl. Sed mollis mi vel nulla bibendum, eget rhoncus urna ornare. Quisque fermentum ultrices sagittis. Phasellus cursus venenatis metus ut iaculis. Proin ut aliquet sapien, non accumsan arcu. Pellentesque habitant morbi tristique senectus et netus et malesuada fames ac turpis egestas. Phasellus tristique mattis cursus. Nunc sed odio lorem. Curabitur facilisis massa a ex commodo, vitae ullamcorper lectus efficitur. Nam nec tellus nec nulla blandit consectetur condimentum id nisl. Morbi ante libero, accumsan nec auctor a, suscipit sed massa.",
    "highlights": {
      "body": "... est dapibus in. Nulla id congue nisl. Sed mollis mi vel nulla bibendum, eget rhoncus urna ornare. Quisque <mark>fermentum</mark> ultrices sagittis. Phasellus cursus venenatis metus ut iaculis. Proin ut aliquet sapien, non accumsan arcu. Pellentesque habitant ...",
    },
    "id": 0,
    "match": {
      "fermentum": [
        "body",
      ],
    },
    "score": 0,
    "terms": [
      "fermentum",
    ],
  },
]
`;

exports[`Test searcher search: dots in beginning 1`] = `
[
  {
    "body": "Lorem ipsum dolor sit amet, consectetur adipiscing elit. Nunc nec convallis turpis. Praesent porttitor fringilla purus, eu auctor urna blandit at. Vestibulum ante ipsum primis in faucibus orci luctus et ultrices posuere cubilia curae; Etiam volutpat lacus orci, eget iaculis est dapibus in. Nulla id congue nisl. Sed mollis mi vel nulla bibendum, eget rhoncus urna ornare. Quisque fermentum ultrices sagittis. Phasellus cursus venenatis metus ut iaculis. Proin ut aliquet sapien, non accumsan arcu. Pellentesque habitant morbi tristique senectus et netus et malesuada fames ac turpis egestas. Phasellus tristique mattis cursus. Nunc sed odio lorem. Curabitur facilisis massa a ex commodo, vitae ullamcorper lectus efficitur. Nam nec tellus nec nulla blandit consectetur condimentum id nisl. Morbi ante libero, accumsan nec auctor a, suscipit sed massa.",
    "highlights": {
      "body": "... mattis cursus. Nunc sed odio lorem. Curabitur facilisis massa a ex commodo, vitae ullamcorper lectus efficitur. Nam nec tellus nec nulla blandit consectetur condimentum id nisl. Morbi ante libero, accumsan nec auctor a, <mark>suscipit</mark> sed massa.",
    },
    "id": 0,
    "match": {
      "suscipit": [
        "body",
      ],
    },
    "score": 0,
    "terms": [
      "suscipit",
    ],
  },
]
`;

exports[`Test searcher search: dots in end 1`] = `
[
  {
    "body": "Lorem ipsum dolor sit amet, consectetur adipiscing elit. Nunc nec convallis turpis. Praesent porttitor fringilla purus, eu auctor urna blandit at. Vestibulum ante ipsum primis in faucibus orci luctus et ultrices posuere cubilia curae; Etiam volutpat lacus orci, eget iaculis est dapibus in. Nulla id congue nisl. Sed mollis mi vel nulla bibendum, eget rhoncus urna ornare. Quisque fermentum ultrices sagittis. Phasellus cursus venenatis metus ut iaculis. Proin ut aliquet sapien, non accumsan arcu. Pellentesque habitant morbi tristique senectus et netus et malesuada fames ac turpis egestas. Phasellus tristique mattis cursus. Nunc sed odio lorem. Curabitur facilisis massa a ex commodo, vitae ullamcorper lectus efficitur. Nam nec tellus nec nulla blandit consectetur condimentum id nisl. Morbi ante libero, accumsan nec auctor a, suscipit sed massa.",
    "highlights": {
      "body": "Lorem ipsum dolor <mark>sit</mark> amet, consectetur adipiscing elit. Nunc nec convallis turpis. Praesent porttitor fringilla purus, eu auctor urna blandit at. Vestibulum ante ipsum primis in faucibus orci luctus et ultrices posuere cubilia curae; Etiam volutpat ...",
    },
    "id": 0,
    "match": {
      "sit": [
        "body",
      ],
    },
    "score": 0,
    "terms": [
      "sit",
    ],
  },
]
`;

exports[`Test searcher search: fuzzy search 1`] = `
[
  {
    "body": "Lorem ipsum dolor sit amet, consectetur adipiscing elit. Nunc nec convallis turpis. Praesent porttitor fringilla purus, eu auctor urna blandit at. Vestibulum ante ipsum primis in faucibus orci luctus et ultrices posuere cubilia curae; Etiam volutpat lacus orci, eget iaculis est dapibus in. Nulla id congue nisl. Sed mollis mi vel nulla bibendum, eget rhoncus urna ornare. Quisque fermentum ultrices sagittis. Phasellus cursus venenatis metus ut iaculis. Proin ut aliquet sapien, non accumsan arcu. Pellentesque habitant morbi tristique senectus et netus et malesuada fames ac turpis egestas. Phasellus tristique mattis cursus. Nunc sed odio lorem. Curabitur facilisis massa a ex commodo, vitae ullamcorper lectus efficitur. Nam nec tellus nec nulla blandit consectetur condimentum id nisl. Morbi ante libero, accumsan nec auctor a, suscipit sed massa.",
    "highlights": {
      "body": "Lorem ipsum dolor sit amet, <mark>consectetur</mark> adipiscing elit. Nunc nec convallis turpis. Praesent porttitor fringilla purus, eu auctor urna blandit at. Vestibulum ante ipsum primis in faucibus orci luctus et ultrices posuere cubilia curae; Etiam volutpat ...",
    },
    "id": 0,
    "match": {
      "consectetur": [
        "body",
      ],
    },
    "score": 0,
    "terms": [
      "consectetur",
    ],
  },
]
`;

exports[`Test searcher search: no result 1`] = `[]`;

exports[`Test searcher search: prefix search 1`] = `
[
  {
    "body": "Lorem ipsum dolor sit amet, consectetur adipiscing elit. Nunc nec convallis turpis. Praesent porttitor fringilla purus, eu auctor urna blandit at. Vestibulum ante ipsum primis in faucibus orci luctus et ultrices posuere cubilia curae; Etiam volutpat lacus orci, eget iaculis est dapibus in. Nulla id congue nisl. Sed mollis mi vel nulla bibendum, eget rhoncus urna ornare. Quisque fermentum ultrices sagittis. Phasellus cursus venenatis metus ut iaculis. Proin ut aliquet sapien, non accumsan arcu. Pellentesque habitant morbi tristique senectus et netus et malesuada fames ac turpis egestas. Phasellus tristique mattis cursus. Nunc sed odio lorem. Curabitur facilisis massa a ex commodo, vitae ullamcorper lectus efficitur. Nam nec tellus nec nulla blandit consectetur condimentum id nisl. Morbi ante libero, accumsan nec auctor a, suscipit sed massa.",
    "highlights": {
      "body": "Lorem ipsum dolor sit amet, <mark>consectetur</mark> adipiscing elit. Nunc nec convallis turpis. Praesent porttitor fringilla purus, eu auctor urna blandit at. Vestibulum ante ipsum primis in faucibus orci luctus et ultrices posuere cubilia curae; Etiam volutpat ...",
    },
    "id": 0,
    "match": {
      "consectetur": [
        "body",
      ],
    },
    "score": 0,
    "terms": [
      "consectetur",
    ],
  },
]
`;
